#
# There is insufficient memory for the Java Runtime Environment to continue.
# Native memory allocation (malloc) failed to allocate 1724464 bytes for Chunk::new
# Possible reasons:
#   The system is out of physical RAM or swap space
#   The process is running with CompressedOops enabled, and the Java Heap may be blocking the growth of the native heap
# Possible solutions:
#   Reduce memory load on the system
#   Increase physical memory or swap space
#   Check if swap backing store is full
#   Decrease Java heap size (-Xmx/-Xms)
#   Decrease number of Java threads
#   Decrease Java thread stack sizes (-Xss)
#   Set larger code cache with -XX:ReservedCodeCacheSize=
#   JVM is running with Unscaled Compressed Oops mode in which the Java heap is
#     placed in the first 4GB address space. The Java Heap base address is the
#     maximum limit for the native heap growth. Please use -XX:HeapBaseMinAddress
#     to set the Java Heap base and to place the Java Heap above 4GB virtual address.
# This output file may be truncated or incomplete.
#
#  Out of Memory Error (arena.cpp:168), pid=26296, tid=736
#
# JRE version: Java(TM) SE Runtime Environment (21.0.2+13) (build 21.0.2+13-LTS-58)
# Java VM: Java HotSpot(TM) 64-Bit Server VM (21.0.2+13-LTS-58, mixed mode, sharing, tiered, compressed oops, compressed class ptrs, g1 gc, windows-amd64)
# No core dump will be written. Minidumps are not enabled by default on client versions of Windows
#

---------------  S U M M A R Y ------------

Command Line: -javaagent:C:\Program Files\JetBrains\IntelliJ IDEA Community Edition 2024.1.2\lib\idea_rt.jar=64478:C:\Program Files\JetBrains\IntelliJ IDEA Community Edition 2024.1.2\bin -Dfile.encoding=UTF-8 -Dsun.stdout.encoding=UTF-8 -Dsun.stderr.encoding=UTF-8 com.example.multimedia.file_upload_api.FileUploadApiApplication

Host: AMD Ryzen 5 5500U with Radeon Graphics         , 12 cores, 7G,  Windows 11 , 64 bit Build 26100 (10.0.26100.3775)
Time: Fri Apr 18 14:25:52 2025 India Standard Time elapsed time: 2.463270 seconds (0d 0h 0m 2s)

---------------  T H R E A D  ---------------

Current thread (0x000001727f0ac4d0):  JavaThread "C2 CompilerThread0" daemon [_thread_in_native, id=736, stack(0x0000000a04500000,0x0000000a04600000) (1024K)]


Current CompileTask:
C2:   2463 2530       4       org.springframework.boot.context.properties.source.ConfigurationPropertyName$ElementsParser::parse (234 bytes)

Stack: [0x0000000a04500000,0x0000000a04600000]
Native frames: (J=compiled Java code, j=interpreted, Vv=VM code, C=native code)
V  [jvm.dll+0x6cade9]
V  [jvm.dll+0x8569c1]
V  [jvm.dll+0x858d2e]
V  [jvm.dll+0x859413]
V  [jvm.dll+0x280e56]
V  [jvm.dll+0xc3f3d]
V  [jvm.dll+0xc4473]
V  [jvm.dll+0x3b5c2c]
V  [jvm.dll+0x382855]
V  [jvm.dll+0x381cca]
V  [jvm.dll+0x249bd0]
V  [jvm.dll+0x2491b1]
V  [jvm.dll+0x1c9634]
V  [jvm.dll+0x258859]
V  [jvm.dll+0x256e3a]
V  [jvm.dll+0x3ef6c6]
V  [jvm.dll+0x7ff568]
V  [jvm.dll+0x6c953d]
C  [ucrtbase.dll+0x37b0]
C  [KERNEL32.DLL+0x2e8d7]
C  [ntdll.dll+0xb14fc]


---------------  P R O C E S S  ---------------

Threads class SMR info:
_java_thread_list=0x0000017247cd60e0, length=12, elements={
0x0000017263d93ee0, 0x000001727f090280, 0x000001727f0908f0, 0x000001727f092f70,
0x000001727f096770, 0x000001727f09b600, 0x000001727f09de00, 0x000001727f0ac4d0,
0x000001727f1e00d0, 0x000001727f2c2e50, 0x000001727f861cd0, 0x000001727f862340
}

Java Threads: ( => current thread )
  0x0000017263d93ee0 JavaThread "main"                              [_thread_in_Java, id=28600, stack(0x0000000a03700000,0x0000000a03800000) (1024K)]
  0x000001727f090280 JavaThread "Reference Handler"          daemon [_thread_blocked, id=39356, stack(0x0000000a03f00000,0x0000000a04000000) (1024K)]
  0x000001727f0908f0 JavaThread "Finalizer"                  daemon [_thread_blocked, id=12956, stack(0x0000000a04000000,0x0000000a04100000) (1024K)]
  0x000001727f092f70 JavaThread "Signal Dispatcher"          daemon [_thread_blocked, id=38964, stack(0x0000000a04100000,0x0000000a04200000) (1024K)]
  0x000001727f096770 JavaThread "Attach Listener"            daemon [_thread_blocked, id=41676, stack(0x0000000a04200000,0x0000000a04300000) (1024K)]
  0x000001727f09b600 JavaThread "Service Thread"             daemon [_thread_blocked, id=41384, stack(0x0000000a04300000,0x0000000a04400000) (1024K)]
  0x000001727f09de00 JavaThread "Monitor Deflation Thread"   daemon [_thread_blocked, id=25788, stack(0x0000000a04400000,0x0000000a04500000) (1024K)]
=>0x000001727f0ac4d0 JavaThread "C2 CompilerThread0"         daemon [_thread_in_native, id=736, stack(0x0000000a04500000,0x0000000a04600000) (1024K)]
  0x000001727f1e00d0 JavaThread "C1 CompilerThread0"         daemon [_thread_in_vm, id=25500, stack(0x0000000a04600000,0x0000000a04700000) (1024K)]
  0x000001727f2c2e50 JavaThread "Common-Cleaner"             daemon [_thread_blocked, id=40608, stack(0x0000000a04700000,0x0000000a04800000) (1024K)]
  0x000001727f861cd0 JavaThread "Monitor Ctrl-Break"         daemon [_thread_in_native, id=18388, stack(0x0000000a04800000,0x0000000a04900000) (1024K)]
  0x000001727f862340 JavaThread "Notification Thread"        daemon [_thread_blocked, id=34380, stack(0x0000000a04900000,0x0000000a04a00000) (1024K)]
Total: 12

Other Threads:
  0x000001727f071870 VMThread "VM Thread"                           [id=24244, stack(0x0000000a03e00000,0x0000000a03f00000) (1024K)]
  0x000001727f05ac30 WatcherThread "VM Periodic Task Thread"        [id=22644, stack(0x0000000a03d00000,0x0000000a03e00000) (1024K)]
  0x0000017263de7f90 WorkerThread "GC Thread#0"                     [id=12076, stack(0x0000000a03800000,0x0000000a03900000) (1024K)]
  0x00000172471c33b0 WorkerThread "GC Thread#1"                     [id=35860, stack(0x0000000a04a00000,0x0000000a04b00000) (1024K)]
  0x000001724722a660 WorkerThread "GC Thread#2"                     [id=31728, stack(0x0000000a04b00000,0x0000000a04c00000) (1024K)]
  0x000001724722ae10 WorkerThread "GC Thread#3"                     [id=15568, stack(0x0000000a04c00000,0x0000000a04d00000) (1024K)]
  0x000001724722b1b0 WorkerThread "GC Thread#4"                     [id=30020, stack(0x0000000a04d00000,0x0000000a04e00000) (1024K)]
  0x000001724722b550 WorkerThread "GC Thread#5"                     [id=36472, stack(0x0000000a04e00000,0x0000000a04f00000) (1024K)]
  0x00000172474f02d0 WorkerThread "GC Thread#6"                     [id=4340, stack(0x0000000a05100000,0x0000000a05200000) (1024K)]
  0x00000172474ef7f0 WorkerThread "GC Thread#7"                     [id=41768, stack(0x0000000a05200000,0x0000000a05300000) (1024K)]
  0x00000172474ef450 WorkerThread "GC Thread#8"                     [id=31000, stack(0x0000000a05300000,0x0000000a05400000) (1024K)]
  0x00000172474eed10 WorkerThread "GC Thread#9"                     [id=36708, stack(0x0000000a04f00000,0x0000000a05000000) (1024K)]
  0x0000017263df8200 ConcurrentGCThread "G1 Main Marker"            [id=34912, stack(0x0000000a03900000,0x0000000a03a00000) (1024K)]
  0x0000017263dfb330 WorkerThread "G1 Conc#0"                       [id=20724, stack(0x0000000a03a00000,0x0000000a03b00000) (1024K)]
  0x0000017247af8610 WorkerThread "G1 Conc#1"                       [id=21324, stack(0x0000000a05000000,0x0000000a05100000) (1024K)]
  0x0000017247af9830 WorkerThread "G1 Conc#2"                       [id=31624, stack(0x0000000a05400000,0x0000000a05500000) (1024K)]
  0x000001727ef1c540 ConcurrentGCThread "G1 Refine#0"               [id=33328, stack(0x0000000a03b00000,0x0000000a03c00000) (1024K)]
  0x000001727ef1d980 ConcurrentGCThread "G1 Service"                [id=41652, stack(0x0000000a03c00000,0x0000000a03d00000) (1024K)]
Total: 18

Threads with active compile tasks:
C2 CompilerThread0     2502 2530       4       org.springframework.boot.context.properties.source.ConfigurationPropertyName$ElementsParser::parse (234 bytes)
Total: 1

VM state: not at safepoint (normal execution)

VM Mutex/Monitor currently owned by a thread: None

Heap address: 0x000000008ac00000, size: 1876 MB, Compressed Oops mode: 32-bit

CDS archive(s) mapped at: [0x0000017202000000-0x0000017202c90000-0x0000017202c90000), size 13172736, SharedBaseAddress: 0x0000017202000000, ArchiveRelocationMode: 1.
Compressed class space mapped at: 0x0000017203000000-0x0000017243000000, reserved size: 1073741824
Narrow klass base: 0x0000017202000000, Narrow klass shift: 0, Narrow klass range: 0x100000000

GC Precious Log:
 CardTable entry size: 512
 Card Set container configuration: InlinePtr #cards 5 size 8 Array Of Cards #cards 12 size 40 Howl #buckets 4 coarsen threshold 1843 Howl Bitmap #cards 512 size 80 coarsen threshold 460 Card regions per heap region 1 cards per card region 2048
 CPUs: 12 total, 12 available
 Memory: 7501M
 Large Page Support: Disabled
 NUMA Support: Disabled
 Compressed Oops: Enabled (32-bit)
 Heap Region Size: 1M
 Heap Min Capacity: 8M
 Heap Initial Capacity: 118M
 Heap Max Capacity: 1876M
 Pre-touch: Disabled
 Parallel Workers: 10
 Concurrent Workers: 3
 Concurrent Refinement Workers: 10
 Periodic GC: Disabled

Heap:
 garbage-first heap   total 120832K, used 15410K [0x000000008ac00000, 0x0000000100000000)
  region size 1024K, 8 young (8192K), 7 survivors (7168K)
 Metaspace       used 21258K, committed 21568K, reserved 1114112K
  class space    used 2692K, committed 2816K, reserved 1048576K

Heap Regions: E=young(eden), S=young(survivor), O=old, HS=humongous(starts), HC=humongous(continues), CS=collection set, F=free, TAMS=top-at-mark-start, PB=parsable bottom
|   0|0x000000008ac00000, 0x000000008ad00000, 0x000000008ad00000|100%|HS|  |TAMS 0x000000008ad00000| PB 0x000000008ac00000| Complete 
|   1|0x000000008ad00000, 0x000000008ae00000, 0x000000008ae00000|100%|HS|  |TAMS 0x000000008ae00000| PB 0x000000008ad00000| Complete 
|   2|0x000000008ae00000, 0x000000008af00000, 0x000000008af00000|100%| O|  |TAMS 0x000000008af00000| PB 0x000000008ae00000| Untracked 
|   3|0x000000008af00000, 0x000000008b000000, 0x000000008b000000|100%| O|  |TAMS 0x000000008b000000| PB 0x000000008af00000| Untracked 
|   4|0x000000008b000000, 0x000000008b100000, 0x000000008b100000|100%| O|  |TAMS 0x000000008b100000| PB 0x000000008b000000| Untracked 
|   5|0x000000008b100000, 0x000000008b200000, 0x000000008b200000|100%| O|  |TAMS 0x000000008b200000| PB 0x000000008b100000| Untracked 
|   6|0x000000008b200000, 0x000000008b300000, 0x000000008b300000|100%| O|  |TAMS 0x000000008b300000| PB 0x000000008b200000| Untracked 
|   7|0x000000008b300000, 0x000000008b400000, 0x000000008b400000|100%| O|  |TAMS 0x000000008b400000| PB 0x000000008b300000| Untracked 
|   8|0x000000008b400000, 0x000000008b4c6728, 0x000000008b500000| 77%| O|  |TAMS 0x000000008b4c6728| PB 0x000000008b400000| Untracked 
|   9|0x000000008b500000, 0x000000008b500000, 0x000000008b600000|  0%| F|  |TAMS 0x000000008b500000| PB 0x000000008b500000| Untracked 
|  10|0x000000008b600000, 0x000000008b600000, 0x000000008b700000|  0%| F|  |TAMS 0x000000008b600000| PB 0x000000008b600000| Untracked 
|  11|0x000000008b700000, 0x000000008b700000, 0x000000008b800000|  0%| F|  |TAMS 0x000000008b700000| PB 0x000000008b700000| Untracked 
|  12|0x000000008b800000, 0x000000008b800000, 0x000000008b900000|  0%| F|  |TAMS 0x000000008b800000| PB 0x000000008b800000| Untracked 
|  13|0x000000008b900000, 0x000000008b900000, 0x000000008ba00000|  0%| F|  |TAMS 0x000000008b900000| PB 0x000000008b900000| Untracked 
|  14|0x000000008ba00000, 0x000000008ba00000, 0x000000008bb00000|  0%| F|  |TAMS 0x000000008ba00000| PB 0x000000008ba00000| Untracked 
|  15|0x000000008bb00000, 0x000000008bb00000, 0x000000008bc00000|  0%| F|  |TAMS 0x000000008bb00000| PB 0x000000008bb00000| Untracked 
|  16|0x000000008bc00000, 0x000000008bc00000, 0x000000008bd00000|  0%| F|  |TAMS 0x000000008bc00000| PB 0x000000008bc00000| Untracked 
|  17|0x000000008bd00000, 0x000000008bd00000, 0x000000008be00000|  0%| F|  |TAMS 0x000000008bd00000| PB 0x000000008bd00000| Untracked 
|  18|0x000000008be00000, 0x000000008be00000, 0x000000008bf00000|  0%| F|  |TAMS 0x000000008be00000| PB 0x000000008be00000| Untracked 
|  19|0x000000008bf00000, 0x000000008bf00000, 0x000000008c000000|  0%| F|  |TAMS 0x000000008bf00000| PB 0x000000008bf00000| Untracked 
|  20|0x000000008c000000, 0x000000008c000000, 0x000000008c100000|  0%| F|  |TAMS 0x000000008c000000| PB 0x000000008c000000| Untracked 
|  21|0x000000008c100000, 0x000000008c100000, 0x000000008c200000|  0%| F|  |TAMS 0x000000008c100000| PB 0x000000008c100000| Untracked 
|  22|0x000000008c200000, 0x000000008c200000, 0x000000008c300000|  0%| F|  |TAMS 0x000000008c200000| PB 0x000000008c200000| Untracked 
|  23|0x000000008c300000, 0x000000008c300000, 0x000000008c400000|  0%| F|  |TAMS 0x000000008c300000| PB 0x000000008c300000| Untracked 
|  24|0x000000008c400000, 0x000000008c400000, 0x000000008c500000|  0%| F|  |TAMS 0x000000008c400000| PB 0x000000008c400000| Untracked 
|  25|0x000000008c500000, 0x000000008c500000, 0x000000008c600000|  0%| F|  |TAMS 0x000000008c500000| PB 0x000000008c500000| Untracked 
|  26|0x000000008c600000, 0x000000008c600000, 0x000000008c700000|  0%| F|  |TAMS 0x000000008c600000| PB 0x000000008c600000| Untracked 
|  27|0x000000008c700000, 0x000000008c700000, 0x000000008c800000|  0%| F|  |TAMS 0x000000008c700000| PB 0x000000008c700000| Untracked 
|  28|0x000000008c800000, 0x000000008c800000, 0x000000008c900000|  0%| F|  |TAMS 0x000000008c800000| PB 0x000000008c800000| Untracked 
|  29|0x000000008c900000, 0x000000008c900000, 0x000000008ca00000|  0%| F|  |TAMS 0x000000008c900000| PB 0x000000008c900000| Untracked 
|  30|0x000000008ca00000, 0x000000008ca00000, 0x000000008cb00000|  0%| F|  |TAMS 0x000000008ca00000| PB 0x000000008ca00000| Untracked 
|  31|0x000000008cb00000, 0x000000008cb00000, 0x000000008cc00000|  0%| F|  |TAMS 0x000000008cb00000| PB 0x000000008cb00000| Untracked 
|  32|0x000000008cc00000, 0x000000008cc00000, 0x000000008cd00000|  0%| F|  |TAMS 0x000000008cc00000| PB 0x000000008cc00000| Untracked 
|  33|0x000000008cd00000, 0x000000008cd00000, 0x000000008ce00000|  0%| F|  |TAMS 0x000000008cd00000| PB 0x000000008cd00000| Untracked 
|  34|0x000000008ce00000, 0x000000008ce00000, 0x000000008cf00000|  0%| F|  |TAMS 0x000000008ce00000| PB 0x000000008ce00000| Untracked 
|  35|0x000000008cf00000, 0x000000008cf00000, 0x000000008d000000|  0%| F|  |TAMS 0x000000008cf00000| PB 0x000000008cf00000| Untracked 
|  36|0x000000008d000000, 0x000000008d000000, 0x000000008d100000|  0%| F|  |TAMS 0x000000008d000000| PB 0x000000008d000000| Untracked 
|  37|0x000000008d100000, 0x000000008d100000, 0x000000008d200000|  0%| F|  |TAMS 0x000000008d100000| PB 0x000000008d100000| Untracked 
|  38|0x000000008d200000, 0x000000008d200000, 0x000000008d300000|  0%| F|  |TAMS 0x000000008d200000| PB 0x000000008d200000| Untracked 
|  39|0x000000008d300000, 0x000000008d300000, 0x000000008d400000|  0%| F|  |TAMS 0x000000008d300000| PB 0x000000008d300000| Untracked 
|  40|0x000000008d400000, 0x000000008d400000, 0x000000008d500000|  0%| F|  |TAMS 0x000000008d400000| PB 0x000000008d400000| Untracked 
|  41|0x000000008d500000, 0x000000008d500000, 0x000000008d600000|  0%| F|  |TAMS 0x000000008d500000| PB 0x000000008d500000| Untracked 
|  42|0x000000008d600000, 0x000000008d600000, 0x000000008d700000|  0%| F|  |TAMS 0x000000008d600000| PB 0x000000008d600000| Untracked 
|  43|0x000000008d700000, 0x000000008d700000, 0x000000008d800000|  0%| F|  |TAMS 0x000000008d700000| PB 0x000000008d700000| Untracked 
|  44|0x000000008d800000, 0x000000008d800000, 0x000000008d900000|  0%| F|  |TAMS 0x000000008d800000| PB 0x000000008d800000| Untracked 
|  45|0x000000008d900000, 0x000000008d900000, 0x000000008da00000|  0%| F|  |TAMS 0x000000008d900000| PB 0x000000008d900000| Untracked 
|  46|0x000000008da00000, 0x000000008da00000, 0x000000008db00000|  0%| F|  |TAMS 0x000000008da00000| PB 0x000000008da00000| Untracked 
|  47|0x000000008db00000, 0x000000008db00000, 0x000000008dc00000|  0%| F|  |TAMS 0x000000008db00000| PB 0x000000008db00000| Untracked 
|  48|0x000000008dc00000, 0x000000008dc00000, 0x000000008dd00000|  0%| F|  |TAMS 0x000000008dc00000| PB 0x000000008dc00000| Untracked 
|  49|0x000000008dd00000, 0x000000008dd00000, 0x000000008de00000|  0%| F|  |TAMS 0x000000008dd00000| PB 0x000000008dd00000| Untracked 
|  50|0x000000008de00000, 0x000000008de00000, 0x000000008df00000|  0%| F|  |TAMS 0x000000008de00000| PB 0x000000008de00000| Untracked 
|  51|0x000000008df00000, 0x000000008df00000, 0x000000008e000000|  0%| F|  |TAMS 0x000000008df00000| PB 0x000000008df00000| Untracked 
|  52|0x000000008e000000, 0x000000008e000000, 0x000000008e100000|  0%| F|  |TAMS 0x000000008e000000| PB 0x000000008e000000| Untracked 
|  53|0x000000008e100000, 0x000000008e100000, 0x000000008e200000|  0%| F|  |TAMS 0x000000008e100000| PB 0x000000008e100000| Untracked 
|  54|0x000000008e200000, 0x000000008e200000, 0x000000008e300000|  0%| F|  |TAMS 0x000000008e200000| PB 0x000000008e200000| Untracked 
|  55|0x000000008e300000, 0x000000008e300000, 0x000000008e400000|  0%| F|  |TAMS 0x000000008e300000| PB 0x000000008e300000| Untracked 
|  56|0x000000008e400000, 0x000000008e400000, 0x000000008e500000|  0%| F|  |TAMS 0x000000008e400000| PB 0x000000008e400000| Untracked 
|  57|0x000000008e500000, 0x000000008e500000, 0x000000008e600000|  0%| F|  |TAMS 0x000000008e500000| PB 0x000000008e500000| Untracked 
|  58|0x000000008e600000, 0x000000008e600000, 0x000000008e700000|  0%| F|  |TAMS 0x000000008e600000| PB 0x000000008e600000| Untracked 
|  59|0x000000008e700000, 0x000000008e700000, 0x000000008e800000|  0%| F|  |TAMS 0x000000008e700000| PB 0x000000008e700000| Untracked 
|  60|0x000000008e800000, 0x000000008e800000, 0x000000008e900000|  0%| F|  |TAMS 0x000000008e800000| PB 0x000000008e800000| Untracked 
|  61|0x000000008e900000, 0x000000008e900000, 0x000000008ea00000|  0%| F|  |TAMS 0x000000008e900000| PB 0x000000008e900000| Untracked 
|  62|0x000000008ea00000, 0x000000008ea00000, 0x000000008eb00000|  0%| F|  |TAMS 0x000000008ea00000| PB 0x000000008ea00000| Untracked 
|  63|0x000000008eb00000, 0x000000008eb00000, 0x000000008ec00000|  0%| F|  |TAMS 0x000000008eb00000| PB 0x000000008eb00000| Untracked 
|  64|0x000000008ec00000, 0x000000008ec00000, 0x000000008ed00000|  0%| F|  |TAMS 0x000000008ec00000| PB 0x000000008ec00000| Untracked 
|  65|0x000000008ed00000, 0x000000008ed00000, 0x000000008ee00000|  0%| F|  |TAMS 0x000000008ed00000| PB 0x000000008ed00000| Untracked 
|  66|0x000000008ee00000, 0x000000008ee00000, 0x000000008ef00000|  0%| F|  |TAMS 0x000000008ee00000| PB 0x000000008ee00000| Untracked 
|  67|0x000000008ef00000, 0x000000008ef00000, 0x000000008f000000|  0%| F|  |TAMS 0x000000008ef00000| PB 0x000000008ef00000| Untracked 
|  68|0x000000008f000000, 0x000000008f000000, 0x000000008f100000|  0%| F|  |TAMS 0x000000008f000000| PB 0x000000008f000000| Untracked 
|  69|0x000000008f100000, 0x000000008f146440, 0x000000008f200000| 27%| S|CS|TAMS 0x000000008f100000| PB 0x000000008f100000| Complete 
|  70|0x000000008f200000, 0x000000008f300000, 0x000000008f300000|100%| S|CS|TAMS 0x000000008f200000| PB 0x000000008f200000| Complete 
|  71|0x000000008f300000, 0x000000008f400000, 0x000000008f400000|100%| S|CS|TAMS 0x000000008f300000| PB 0x000000008f300000| Complete 
|  72|0x000000008f400000, 0x000000008f500000, 0x000000008f500000|100%| S|CS|TAMS 0x000000008f400000| PB 0x000000008f400000| Complete 
|  73|0x000000008f500000, 0x000000008f600000, 0x000000008f600000|100%| S|CS|TAMS 0x000000008f500000| PB 0x000000008f500000| Complete 
|  74|0x000000008f600000, 0x000000008f700000, 0x000000008f700000|100%| S|CS|TAMS 0x000000008f600000| PB 0x000000008f600000| Complete 
|  75|0x000000008f700000, 0x000000008f800000, 0x000000008f800000|100%| S|CS|TAMS 0x000000008f700000| PB 0x000000008f700000| Complete 
|  76|0x000000008f800000, 0x000000008f800000, 0x000000008f900000|  0%| F|  |TAMS 0x000000008f800000| PB 0x000000008f800000| Untracked 
|  77|0x000000008f900000, 0x000000008f900000, 0x000000008fa00000|  0%| F|  |TAMS 0x000000008f900000| PB 0x000000008f900000| Untracked 
|  78|0x000000008fa00000, 0x000000008fa00000, 0x000000008fb00000|  0%| F|  |TAMS 0x000000008fa00000| PB 0x000000008fa00000| Untracked 
|  79|0x000000008fb00000, 0x000000008fb00000, 0x000000008fc00000|  0%| F|  |TAMS 0x000000008fb00000| PB 0x000000008fb00000| Untracked 
|  80|0x000000008fc00000, 0x000000008fc00000, 0x000000008fd00000|  0%| F|  |TAMS 0x000000008fc00000| PB 0x000000008fc00000| Untracked 
|  81|0x000000008fd00000, 0x000000008fd00000, 0x000000008fe00000|  0%| F|  |TAMS 0x000000008fd00000| PB 0x000000008fd00000| Untracked 
|  82|0x000000008fe00000, 0x000000008fe00000, 0x000000008ff00000|  0%| F|  |TAMS 0x000000008fe00000| PB 0x000000008fe00000| Untracked 
|  83|0x000000008ff00000, 0x000000008ff00000, 0x0000000090000000|  0%| F|  |TAMS 0x000000008ff00000| PB 0x000000008ff00000| Untracked 
|  84|0x0000000090000000, 0x0000000090000000, 0x0000000090100000|  0%| F|  |TAMS 0x0000000090000000| PB 0x0000000090000000| Untracked 
|  85|0x0000000090100000, 0x0000000090100000, 0x0000000090200000|  0%| F|  |TAMS 0x0000000090100000| PB 0x0000000090100000| Untracked 
|  86|0x0000000090200000, 0x0000000090200000, 0x0000000090300000|  0%| F|  |TAMS 0x0000000090200000| PB 0x0000000090200000| Untracked 
|  87|0x0000000090300000, 0x0000000090300000, 0x0000000090400000|  0%| F|  |TAMS 0x0000000090300000| PB 0x0000000090300000| Untracked 
|  88|0x0000000090400000, 0x0000000090400000, 0x0000000090500000|  0%| F|  |TAMS 0x0000000090400000| PB 0x0000000090400000| Untracked 
|  89|0x0000000090500000, 0x0000000090500000, 0x0000000090600000|  0%| F|  |TAMS 0x0000000090500000| PB 0x0000000090500000| Untracked 
|  90|0x0000000090600000, 0x0000000090600000, 0x0000000090700000|  0%| F|  |TAMS 0x0000000090600000| PB 0x0000000090600000| Untracked 
|  91|0x0000000090700000, 0x0000000090700000, 0x0000000090800000|  0%| F|  |TAMS 0x0000000090700000| PB 0x0000000090700000| Untracked 
|  92|0x0000000090800000, 0x0000000090800000, 0x0000000090900000|  0%| F|  |TAMS 0x0000000090800000| PB 0x0000000090800000| Untracked 
|  93|0x0000000090900000, 0x0000000090900000, 0x0000000090a00000|  0%| F|  |TAMS 0x0000000090900000| PB 0x0000000090900000| Untracked 
|  94|0x0000000090a00000, 0x0000000090a00000, 0x0000000090b00000|  0%| F|  |TAMS 0x0000000090a00000| PB 0x0000000090a00000| Untracked 
|  95|0x0000000090b00000, 0x0000000090b00000, 0x0000000090c00000|  0%| F|  |TAMS 0x0000000090b00000| PB 0x0000000090b00000| Untracked 
|  96|0x0000000090c00000, 0x0000000090c00000, 0x0000000090d00000|  0%| F|  |TAMS 0x0000000090c00000| PB 0x0000000090c00000| Untracked 
|  97|0x0000000090d00000, 0x0000000090d00000, 0x0000000090e00000|  0%| F|  |TAMS 0x0000000090d00000| PB 0x0000000090d00000| Untracked 
|  98|0x0000000090e00000, 0x0000000090e00000, 0x0000000090f00000|  0%| F|  |TAMS 0x0000000090e00000| PB 0x0000000090e00000| Untracked 
|  99|0x0000000090f00000, 0x0000000090f00000, 0x0000000091000000|  0%| F|  |TAMS 0x0000000090f00000| PB 0x0000000090f00000| Untracked 
| 100|0x0000000091000000, 0x0000000091000000, 0x0000000091100000|  0%| F|  |TAMS 0x0000000091000000| PB 0x0000000091000000| Untracked 
| 101|0x0000000091100000, 0x0000000091100000, 0x0000000091200000|  0%| F|  |TAMS 0x0000000091100000| PB 0x0000000091100000| Untracked 
| 102|0x0000000091200000, 0x0000000091200000, 0x0000000091300000|  0%| F|  |TAMS 0x0000000091200000| PB 0x0000000091200000| Untracked 
| 103|0x0000000091300000, 0x0000000091300000, 0x0000000091400000|  0%| F|  |TAMS 0x0000000091300000| PB 0x0000000091300000| Untracked 
| 104|0x0000000091400000, 0x0000000091400000, 0x0000000091500000|  0%| F|  |TAMS 0x0000000091400000| PB 0x0000000091400000| Untracked 
| 105|0x0000000091500000, 0x0000000091500000, 0x0000000091600000|  0%| F|  |TAMS 0x0000000091500000| PB 0x0000000091500000| Untracked 
| 106|0x0000000091600000, 0x0000000091600000, 0x0000000091700000|  0%| F|  |TAMS 0x0000000091600000| PB 0x0000000091600000| Untracked 
| 107|0x0000000091700000, 0x0000000091700000, 0x0000000091800000|  0%| F|  |TAMS 0x0000000091700000| PB 0x0000000091700000| Untracked 
| 108|0x0000000091800000, 0x0000000091800000, 0x0000000091900000|  0%| F|  |TAMS 0x0000000091800000| PB 0x0000000091800000| Untracked 
| 109|0x0000000091900000, 0x0000000091900000, 0x0000000091a00000|  0%| F|  |TAMS 0x0000000091900000| PB 0x0000000091900000| Untracked 
| 110|0x0000000091a00000, 0x0000000091a00000, 0x0000000091b00000|  0%| F|  |TAMS 0x0000000091a00000| PB 0x0000000091a00000| Untracked 
| 111|0x0000000091b00000, 0x0000000091b00000, 0x0000000091c00000|  0%| F|  |TAMS 0x0000000091b00000| PB 0x0000000091b00000| Untracked 
| 112|0x0000000091c00000, 0x0000000091c00000, 0x0000000091d00000|  0%| F|  |TAMS 0x0000000091c00000| PB 0x0000000091c00000| Untracked 
| 113|0x0000000091d00000, 0x0000000091d00000, 0x0000000091e00000|  0%| F|  |TAMS 0x0000000091d00000| PB 0x0000000091d00000| Untracked 
| 114|0x0000000091e00000, 0x0000000091e00000, 0x0000000091f00000|  0%| F|  |TAMS 0x0000000091e00000| PB 0x0000000091e00000| Untracked 
| 115|0x0000000091f00000, 0x0000000091f00000, 0x0000000092000000|  0%| F|  |TAMS 0x0000000091f00000| PB 0x0000000091f00000| Untracked 
| 116|0x0000000092000000, 0x0000000092000000, 0x0000000092100000|  0%| F|  |TAMS 0x0000000092000000| PB 0x0000000092000000| Untracked 
| 117|0x0000000092100000, 0x00000000921c4278, 0x0000000092200000| 76%| E|  |TAMS 0x0000000092100000| PB 0x0000000092100000| Complete 

Card table byte_map: [0x000001727c2b0000,0x000001727c660000] _byte_map_base: 0x000001727be5a000

Marking Bits: (CMBitMap*) 0x0000017263de8690
 Bits: [0x000001727c660000, 0x000001727e3b0000)

Polling page: 0x0000017263e50000

Metaspace:

Usage:
  Non-class:     18.13 MB used.
      Class:      2.63 MB used.
       Both:     20.77 MB used.

Virtual space:
  Non-class space:       64.00 MB reserved,      18.31 MB ( 29%) committed,  1 nodes.
      Class space:        1.00 GB reserved,       2.75 MB ( <1%) committed,  1 nodes.
             Both:        1.06 GB reserved,      21.06 MB (  2%) committed. 

Chunk freelists:
   Non-Class:  13.73 MB
       Class:  13.09 MB
        Both:  26.83 MB

MaxMetaspaceSize: unlimited
CompressedClassSpaceSize: 1.00 GB
Initial GC threshold: 21.00 MB
Current GC threshold: 35.12 MB
CDS: on
 - commit_granule_bytes: 65536.
 - commit_granule_words: 8192.
 - virtual_space_node_default_size: 8388608.
 - enlarge_chunks_in_place: 1.
 - use_allocation_guard: 0.


Internal statistics:

num_allocs_failed_limit: 3.
num_arena_births: 318.
num_arena_deaths: 0.
num_vsnodes_births: 2.
num_vsnodes_deaths: 0.
num_space_committed: 337.
num_space_uncommitted: 0.
num_chunks_returned_to_freelist: 3.
num_chunks_taken_from_freelist: 1047.
num_chunk_merges: 3.
num_chunk_splits: 716.
num_chunks_enlarged: 523.
num_inconsistent_stats: 0.

CodeHeap 'non-profiled nmethods': size=120000Kb used=1095Kb max_used=1095Kb free=118904Kb
 bounds [0x0000017273d40000, 0x0000017273fb0000, 0x000001727b270000]
CodeHeap 'profiled nmethods': size=120000Kb used=5115Kb max_used=5115Kb free=114885Kb
 bounds [0x000001726c270000, 0x000001726c770000, 0x00000172737a0000]
CodeHeap 'non-nmethods': size=5760Kb used=1450Kb max_used=1493Kb free=4310Kb
 bounds [0x00000172737a0000, 0x0000017273a10000, 0x0000017273d40000]
 total_blobs=3181 nmethods=2649 adapters=435
 compilation: enabled
              stopped_count=0, restarted_count=0
 full_count=0

Compilation events (20 events):
Event: 2.281 Thread 0x000001727f1e00d0 2592       3       org.springframework.core.type.classreading.MergedAnnotationReadingVisitor::<init> (40 bytes)
Event: 2.282 Thread 0x000001727f1e00d0 nmethod 2592 0x000001726c755390 code [0x000001726c7555a0, 0x000001726c755ae0]
Event: 2.282 Thread 0x000001727f1e00d0 2593   !   3       org.springframework.util.ClassUtils::getDefaultClassLoader (37 bytes)
Event: 2.282 Thread 0x000001727f1e3750 2594       4       java.lang.invoke.DirectMethodHandle$Holder::newInvokeSpecial (21 bytes)
Event: 2.282 Thread 0x000001727f1e07a0 2595       4       java.util.LinkedHashMap$LinkedHashIterator::hasNext (13 bytes)
Event: 2.282 Thread 0x000001727f1e00d0 nmethod 2593 0x000001726c755c90 code [0x000001726c755e60, 0x000001726c756208]
Event: 2.283 Thread 0x000001727f1e07a0 nmethod 2595 0x0000017273e4f110 code [0x0000017273e4f2a0, 0x0000017273e4f330]
Event: 2.283 Thread 0x000001727f1e3750 nmethod 2594 0x0000017273e4f410 code [0x0000017273e4f5c0, 0x0000017273e4f7f0]
Event: 2.284 Thread 0x000001727f1e00d0 2596   !   3       org.springframework.core.annotation.AnnotationUtils::invokeAnnotationMethod (38 bytes)
Event: 2.285 Thread 0x000001727f1e00d0 nmethod 2596 0x000001726c756390 code [0x000001726c756780, 0x000001726c758188]
Event: 2.285 Thread 0x000001727f1e00d0 2597       3       java.lang.reflect.Proxy::getInvocationHandler (69 bytes)
Event: 2.286 Thread 0x000001727f1e00d0 nmethod 2597 0x000001726c758b10 code [0x000001726c758e00, 0x000001726c75a0e0]
Event: 2.286 Thread 0x000001727f1e00d0 2598       1       java.lang.reflect.Constructor::getSharedParameterTypes (5 bytes)
Event: 2.286 Thread 0x000001727f1e00d0 nmethod 2598 0x0000017273e4f990 code [0x0000017273e4fb20, 0x0000017273e4fbe8]
Event: 2.293 Thread 0x000001727f1e00d0 2599       1       org.springframework.beans.factory.support.AbstractBeanFactory::getParentBeanFactory (5 bytes)
Event: 2.293 Thread 0x000001727f1e00d0 nmethod 2599 0x0000017273e4fc90 code [0x0000017273e4fe20, 0x0000017273e4fee8]
Event: 2.297 Thread 0x000001727f1e3750 2600       4       java.security.CodeSource::getCertificates (95 bytes)
Event: 2.298 Thread 0x000001727f1e3750 nmethod 2600 0x0000017273e4ff90 code [0x0000017273e50120, 0x0000017273e501f0]
Event: 2.320 Thread 0x000001727f1e3750 2601       4       java.util.Arrays::copyOf (33 bytes)
Event: 2.322 Thread 0x000001727f1e3750 nmethod 2601 0x0000017273e50290 code [0x0000017273e50440, 0x0000017273e50828]

GC Heap History (4 events):
Event: 1.167 GC heap before
{Heap before GC invocations=0 (full 0):
 garbage-first heap   total 120832K, used 24576K [0x000000008ac00000, 0x0000000100000000)
  region size 1024K, 23 young (23552K), 0 survivors (0K)
 Metaspace       used 6342K, committed 6528K, reserved 1114112K
  class space    used 743K, committed 832K, reserved 1048576K
}
Event: 1.175 GC heap after
{Heap after GC invocations=1 (full 0):
 garbage-first heap   total 120832K, used 8752K [0x000000008ac00000, 0x0000000100000000)
  region size 1024K, 3 young (3072K), 3 survivors (3072K)
 Metaspace       used 6342K, committed 6528K, reserved 1114112K
  class space    used 743K, committed 832K, reserved 1048576K
}
Event: 1.673 GC heap before
{Heap before GC invocations=1 (full 0):
 garbage-first heap   total 120832K, used 35376K [0x000000008ac00000, 0x0000000100000000)
  region size 1024K, 30 young (30720K), 3 survivors (3072K)
 Metaspace       used 13078K, committed 13376K, reserved 1114112K
  class space    used 1773K, committed 1920K, reserved 1048576K
}
Event: 1.680 GC heap after
{Heap after GC invocations=2 (full 0):
 garbage-first heap   total 120832K, used 11262K [0x000000008ac00000, 0x0000000100000000)
  region size 1024K, 3 young (3072K), 3 survivors (3072K)
 Metaspace       used 13078K, committed 13376K, reserved 1114112K
  class space    used 1773K, committed 1920K, reserved 1048576K
}

Dll operation events (11 events):
Event: 0.017 Loaded shared library C:\Program Files\Java\jdk-21\bin\java.dll
Event: 0.051 Loaded shared library C:\Program Files\Java\jdk-21\bin\jsvml.dll
Event: 0.178 Loaded shared library C:\Program Files\Java\jdk-21\bin\zip.dll
Event: 0.184 Loaded shared library C:\Program Files\Java\jdk-21\bin\instrument.dll
Event: 0.191 Loaded shared library C:\Program Files\Java\jdk-21\bin\net.dll
Event: 0.193 Loaded shared library C:\Program Files\Java\jdk-21\bin\nio.dll
Event: 0.198 Loaded shared library C:\Program Files\Java\jdk-21\bin\zip.dll
Event: 0.528 Loaded shared library C:\Program Files\JetBrains\IntelliJ IDEA Community Edition 2024.1.2\bin\breakgen64.dll
Event: 0.545 Loaded shared library C:\Program Files\Java\jdk-21\bin\extnet.dll
Event: 0.599 Loaded shared library C:\Program Files\Java\jdk-21\bin\jimage.dll
Event: 2.227 Loaded shared library C:\Program Files\Java\jdk-21\bin\sunmscapi.dll

Deoptimization events (20 events):
Event: 2.192 Thread 0x0000017263d93ee0 DEOPT PACKING pc=0x000001726c6f2479 sp=0x0000000a037fe650
Event: 2.192 Thread 0x0000017263d93ee0 DEOPT UNPACKING pc=0x00000172737f4e42 sp=0x0000000a037fdb40 mode 0
Event: 2.193 Thread 0x0000017263d93ee0 DEOPT PACKING pc=0x000001726c6f2479 sp=0x0000000a037fe650
Event: 2.193 Thread 0x0000017263d93ee0 DEOPT UNPACKING pc=0x00000172737f4e42 sp=0x0000000a037fdb40 mode 0
Event: 2.214 Thread 0x0000017263d93ee0 Uncommon trap: trap_request=0xffffffc6 fr.pc=0x0000017273e23108 relative=0x0000000000001d68
Event: 2.214 Thread 0x0000017263d93ee0 Uncommon trap: reason=bimorphic_or_optimized_type_check action=maybe_recompile pc=0x0000017273e23108 method=java.util.HashMap.putVal(ILjava/lang/Object;Ljava/lang/Object;ZZ)Ljava/lang/Object; @ 203 c2
Event: 2.214 Thread 0x0000017263d93ee0 DEOPT PACKING pc=0x0000017273e23108 sp=0x0000000a037fe820
Event: 2.215 Thread 0x0000017263d93ee0 DEOPT UNPACKING pc=0x00000172737f46a2 sp=0x0000000a037fe6e8 mode 2
Event: 2.215 Thread 0x0000017263d93ee0 Uncommon trap: trap_request=0xffffffc6 fr.pc=0x0000017273e23108 relative=0x0000000000001d68
Event: 2.215 Thread 0x0000017263d93ee0 Uncommon trap: reason=bimorphic_or_optimized_type_check action=maybe_recompile pc=0x0000017273e23108 method=java.util.HashMap.putVal(ILjava/lang/Object;Ljava/lang/Object;ZZ)Ljava/lang/Object; @ 203 c2
Event: 2.215 Thread 0x0000017263d93ee0 DEOPT PACKING pc=0x0000017273e23108 sp=0x0000000a037fe820
Event: 2.215 Thread 0x0000017263d93ee0 DEOPT UNPACKING pc=0x00000172737f46a2 sp=0x0000000a037fe6e8 mode 2
Event: 2.216 Thread 0x0000017263d93ee0 Uncommon trap: trap_request=0xffffffde fr.pc=0x0000017273df0a40 relative=0x0000000000000820
Event: 2.216 Thread 0x0000017263d93ee0 Uncommon trap: reason=class_check action=maybe_recompile pc=0x0000017273df0a40 method=java.util.HashMap.putVal(ILjava/lang/Object;Ljava/lang/Object;ZZ)Ljava/lang/Object; @ 203 c2
Event: 2.216 Thread 0x0000017263d93ee0 DEOPT PACKING pc=0x0000017273df0a40 sp=0x0000000a037fe790
Event: 2.216 Thread 0x0000017263d93ee0 DEOPT UNPACKING pc=0x00000172737f46a2 sp=0x0000000a037fe710 mode 2
Event: 2.269 Thread 0x0000017263d93ee0 Uncommon trap: trap_request=0xffffff45 fr.pc=0x0000017273da90e4 relative=0x0000000000000a24
Event: 2.269 Thread 0x0000017263d93ee0 Uncommon trap: reason=unstable_if action=reinterpret pc=0x0000017273da90e4 method=jdk.internal.org.objectweb.asm.SymbolTable.put(Ljdk/internal/org/objectweb/asm/SymbolTable$Entry;)Ljdk/internal/org/objectweb/asm/SymbolTable$Entry; @ 13 c2
Event: 2.269 Thread 0x0000017263d93ee0 DEOPT PACKING pc=0x0000017273da90e4 sp=0x0000000a037fcaa0
Event: 2.269 Thread 0x0000017263d93ee0 DEOPT UNPACKING pc=0x00000172737f46a2 sp=0x0000000a037fc9d8 mode 2

Classes loaded (20 events):
Event: 2.233 Loading class sun/security/util/ByteArrayTagOrder
Event: 2.234 Loading class sun/security/util/ByteArrayTagOrder done
Event: 2.234 Loading class sun/security/util/ObjectIdentifier
Event: 2.234 Loading class sun/security/util/ObjectIdentifier done
Event: 2.236 Loading class java/security/spec/ECFieldF2m
Event: 2.236 Loading class java/security/spec/ECFieldF2m done
Event: 2.240 Loading class sun/security/ssl/SunJSSE
Event: 2.240 Loading class sun/security/ssl/SunJSSE done
Event: 2.241 Loading class com/sun/crypto/provider/SunJCE
Event: 2.241 Loading class com/sun/crypto/provider/SunJCE done
Event: 2.243 Loading class com/sun/security/sasl/Provider
Event: 2.243 Loading class com/sun/security/sasl/Provider done
Event: 2.244 Loading class com/sun/security/sasl/Provider$1
Event: 2.244 Loading class com/sun/security/sasl/Provider$1 done
Event: 2.244 Loading class com/sun/security/sasl/Provider$ProviderService
Event: 2.244 Loading class com/sun/security/sasl/Provider$ProviderService done
Event: 2.244 Loading class sun/security/provider/certpath/ldap/JdkLDAP
Event: 2.244 Loading class sun/security/provider/certpath/ldap/JdkLDAP done
Event: 2.245 Loading class sun/security/provider/certpath/ldap/JdkLDAP$ProviderService
Event: 2.245 Loading class sun/security/provider/certpath/ldap/JdkLDAP$ProviderService done

Classes unloaded (0 events):
No events

Classes redefined (0 events):
No events

Internal exceptions (20 events):
Event: 1.302 Thread 0x0000017263d93ee0 Exception <a 'java/lang/NoSuchMethodError'{0x0000000091dc9c70}: 'void java.lang.invoke.DirectMethodHandle$Holder.invokeStaticInit(java.lang.Object, java.lang.Object, java.lang.Object)'> (0x0000000091dc9c70) 
thrown [s\open\src\hotspot\share\interpreter\linkResolver.cpp, line 773]
Event: 1.308 Thread 0x0000017263d93ee0 Exception <a 'java/lang/NoSuchMethodError'{0x0000000091c130d0}: 'java.lang.Object java.lang.invoke.DirectMethodHandle$Holder.invokeVirtual(java.lang.Object, java.lang.Object, java.lang.Object)'> (0x0000000091c130d0) 
thrown [s\open\src\hotspot\share\interpreter\linkResolver.cpp, line 773]
Event: 1.328 Thread 0x0000017263d93ee0 Exception <a 'java/lang/NoSuchMethodError'{0x0000000091cb6560}: 'void java.lang.invoke.DirectMethodHandle$Holder.invokeVirtual(java.lang.Object, java.lang.Object, java.lang.Object, java.lang.Object)'> (0x0000000091cb6560) 
thrown [s\open\src\hotspot\share\interpreter\linkResolver.cpp, line 773]
Event: 1.398 Thread 0x0000017263d93ee0 Exception <a 'java/lang/NoSuchMethodError'{0x0000000091ac28a0}: 'void java.lang.invoke.DirectMethodHandle$Holder.invokeSpecial(java.lang.Object, java.lang.Object, java.lang.Object)'> (0x0000000091ac28a0) 
thrown [s\open\src\hotspot\share\interpreter\linkResolver.cpp, line 773]
Event: 1.406 Thread 0x0000017263d93ee0 Exception <a 'java/lang/NoSuchMethodError'{0x0000000091aff478}: 'java.lang.reflect.Field[] java.lang.Class.getDeclaredFields(java.lang.Class)'> (0x0000000091aff478) 
thrown [s\open\src\hotspot\share\interpreter\linkResolver.cpp, line 773]
Event: 1.407 Thread 0x0000017263d93ee0 Exception <a 'java/lang/NoSuchMethodError'{0x000000009194a610}: 'java.lang.Object java.lang.invoke.DirectMethodHandle$Holder.invokeStatic(java.lang.Object, java.lang.Object, int)'> (0x000000009194a610) 
thrown [s\open\src\hotspot\share\interpreter\linkResolver.cpp, line 773]
Event: 1.408 Thread 0x0000017263d93ee0 Exception <a 'java/lang/NoSuchMethodError'{0x00000000919554e0}: 'void java.lang.invoke.DelegatingMethodHandle$Holder.delegate(java.lang.Object, java.lang.Object, int, java.lang.Object)'> (0x00000000919554e0) 
thrown [s\open\src\hotspot\share\interpreter\linkResolver.cpp, line 773]
Event: 1.418 Thread 0x0000017263d93ee0 Exception <a 'java/lang/IncompatibleClassChangeError'{0x000000009183a3f0}: Found class java.lang.Object, but interface was expected> (0x000000009183a3f0) 
thrown [s\open\src\hotspot\share\interpreter\linkResolver.cpp, line 840]
Event: 1.422 Thread 0x0000017263d93ee0 Exception <a 'java/lang/NoSuchMethodError'{0x000000009184f998}: 'java.lang.Object java.lang.invoke.DirectMethodHandle$Holder.invokeStaticInit(java.lang.Object, int)'> (0x000000009184f998) 
thrown [s\open\src\hotspot\share\interpreter\linkResolver.cpp, line 773]
Event: 1.425 Thread 0x0000017263d93ee0 Exception <a 'java/lang/NoSuchMethodError'{0x0000000091859a18}: 'java.lang.Object java.lang.invoke.DirectMethodHandle$Holder.invokeStatic(java.lang.Object, int, java.lang.Object)'> (0x0000000091859a18) 
thrown [s\open\src\hotspot\share\interpreter\linkResolver.cpp, line 773]
Event: 1.426 Thread 0x0000017263d93ee0 Exception <a 'java/lang/NoSuchMethodError'{0x000000009185d068}: 'java.lang.Object java.lang.invoke.DirectMethodHandle$Holder.invokeStaticInit(java.lang.Object, int, java.lang.Object)'> (0x000000009185d068) 
thrown [s\open\src\hotspot\share\interpreter\linkResolver.cpp, line 773]
Event: 1.712 Thread 0x0000017263d93ee0 Exception <a 'java/lang/NoSuchMethodError'{0x00000000920b9f38}: 'int java.lang.invoke.DirectMethodHandle$Holder.invokeSpecial(java.lang.Object, java.lang.Object, java.lang.Object, java.lang.Object, java.lang.Object)'> (0x00000000920b9f38) 
thrown [s\open\src\hotspot\share\interpreter\linkResolver.cpp, line 773]
Event: 1.713 Thread 0x0000017263d93ee0 Exception <a 'java/lang/NoSuchMethodError'{0x00000000920c2388}: 'void java.lang.invoke.DirectMethodHandle$Holder.invokeVirtual(java.lang.Object, java.lang.Object)'> (0x00000000920c2388) 
thrown [s\open\src\hotspot\share\interpreter\linkResolver.cpp, line 773]
Event: 2.081 Thread 0x00000172476f8c60 Exception <a 'java/lang/NoSuchMethodError'{0x0000000090516020}: 'long java.lang.invoke.DirectMethodHandle$Holder.invokeSpecial(java.lang.Object, java.lang.Object)'> (0x0000000090516020) 
thrown [s\open\src\hotspot\share\interpreter\linkResolver.cpp, line 773]
Event: 2.084 Thread 0x00000172476f8c60 Exception <a 'java/lang/NoSuchMethodError'{0x000000009051f900}: 'long java.lang.invoke.DirectMethodHandle$Holder.invokeStatic(java.lang.Object, java.lang.Object)'> (0x000000009051f900) 
thrown [s\open\src\hotspot\share\interpreter\linkResolver.cpp, line 773]
Event: 2.084 Thread 0x00000172476f8c60 Exception <a 'java/lang/NoSuchMethodError'{0x00000000905229b8}: 'long java.lang.invoke.DirectMethodHandle$Holder.invokeStaticInit(java.lang.Object, java.lang.Object)'> (0x00000000905229b8) 
thrown [s\open\src\hotspot\share\interpreter\linkResolver.cpp, line 773]
Event: 2.086 Thread 0x00000172476f8c60 Exception <a 'java/lang/NoSuchMethodError'{0x0000000090534ea8}: 'long java.lang.invoke.DirectMethodHandle$Holder.invokeInterface(java.lang.Object, java.lang.Object)'> (0x0000000090534ea8) 
thrown [s\open\src\hotspot\share\interpreter\linkResolver.cpp, line 773]
Event: 2.086 Thread 0x00000172476f8c60 Exception <a 'java/lang/IncompatibleClassChangeError'{0x0000000090537ea8}: Found class java.lang.Object, but interface was expected> (0x0000000090537ea8) 
thrown [s\open\src\hotspot\share\interpreter\linkResolver.cpp, line 840]
Event: 2.089 Thread 0x00000172476f8c60 Exception <a 'java/lang/NoSuchMethodError'{0x000000009054d790}: 'java.lang.Object java.lang.invoke.DirectMethodHandle$Holder.invokeVirtual(java.lang.Object, java.lang.Object, java.lang.Object, java.lang.Object)'> (0x000000009054d790) 
thrown [s\open\src\hotspot\share\interpreter\linkResolver.cpp, line 773]
Event: 2.174 Thread 0x0000017263d93ee0 Exception <a 'java/lang/IncompatibleClassChangeError'{0x000000008febc770}: Found class java.lang.Object, but interface was expected> (0x000000008febc770) 
thrown [s\open\src\hotspot\share\interpreter\linkResolver.cpp, line 840]

ZGC Phase Switch (0 events):
No events

VM Operations (20 events):
Event: 1.406 Executing VM operation: HandshakeAllThreads (Deoptimize)
Event: 1.406 Executing VM operation: HandshakeAllThreads (Deoptimize) done
Event: 1.448 Executing VM operation: ICBufferFull
Event: 1.448 Executing VM operation: ICBufferFull done
Event: 1.623 Executing VM operation: HandshakeAllThreads (Deoptimize)
Event: 1.623 Executing VM operation: HandshakeAllThreads (Deoptimize) done
Event: 1.673 Executing VM operation: G1CollectForAllocation (G1 Evacuation Pause)
Event: 1.680 Executing VM operation: G1CollectForAllocation (G1 Evacuation Pause) done
Event: 1.687 Executing VM operation: HandshakeAllThreads (Deoptimize)
Event: 1.687 Executing VM operation: HandshakeAllThreads (Deoptimize) done
Event: 1.872 Executing VM operation: HandshakeAllThreads (Deoptimize)
Event: 1.872 Executing VM operation: HandshakeAllThreads (Deoptimize) done
Event: 2.100 Executing VM operation: ICBufferFull
Event: 2.101 Executing VM operation: ICBufferFull done
Event: 2.160 Executing VM operation: HandshakeAllThreads (Deoptimize)
Event: 2.160 Executing VM operation: HandshakeAllThreads (Deoptimize) done
Event: 2.204 Executing VM operation: HandshakeAllThreads (Deoptimize)
Event: 2.204 Executing VM operation: HandshakeAllThreads (Deoptimize) done
Event: 2.233 Executing VM operation: HandshakeAllThreads (Deoptimize)
Event: 2.233 Executing VM operation: HandshakeAllThreads (Deoptimize) done

Events (18 events):
Event: 0.035 Thread 0x0000017263d93ee0 Thread added: 0x0000017263d93ee0
Event: 0.049 Thread 0x000001727f090280 Thread added: 0x000001727f090280
Event: 0.049 Thread 0x000001727f0908f0 Thread added: 0x000001727f0908f0
Event: 0.049 Thread 0x000001727f092f70 Thread added: 0x000001727f092f70
Event: 0.049 Thread 0x000001727f096770 Thread added: 0x000001727f096770
Event: 0.049 Thread 0x000001727f09b600 Thread added: 0x000001727f09b600
Event: 0.049 Thread 0x000001727f09de00 Thread added: 0x000001727f09de00
Event: 0.049 Thread 0x000001727f0ac4d0 Thread added: 0x000001727f0ac4d0
Event: 0.049 Thread 0x000001727f1e00d0 Thread added: 0x000001727f1e00d0
Event: 0.158 Thread 0x000001727f2c2e50 Thread added: 0x000001727f2c2e50
Event: 0.529 Thread 0x000001727f861cd0 Thread added: 0x000001727f861cd0
Event: 0.529 Thread 0x000001727f862340 Thread added: 0x000001727f862340
Event: 1.271 Thread 0x000001727f1e3750 Thread added: 0x000001727f1e3750
Event: 1.402 Thread 0x00000172476f8c60 Thread added: 0x00000172476f8c60
Event: 2.074 Thread 0x0000017247b5a570 Thread added: 0x0000017247b5a570
Event: 2.091 Thread 0x000001727f1e07a0 Thread added: 0x000001727f1e07a0
Event: 2.115 Thread 0x0000017247b5a570 Thread exited: 0x0000017247b5a570
Event: 2.247 Thread 0x00000172476f8c60 Thread exited: 0x00000172476f8c60


Dynamic libraries:
0x00007ff7d1430000 - 0x00007ff7d1440000 	C:\Program Files\Java\jdk-21\bin\java.exe
0x00007ff930ce0000 - 0x00007ff930f40000 	C:\WINDOWS\SYSTEM32\ntdll.dll
0x00007ff9303f0000 - 0x00007ff9304b7000 	C:\WINDOWS\System32\KERNEL32.DLL
0x00007ff92dec0000 - 0x00007ff92e28a000 	C:\WINDOWS\System32\KERNELBASE.dll
0x00007ff92e850000 - 0x00007ff92e99b000 	C:\WINDOWS\System32\ucrtbase.dll
0x00007ff92a440000 - 0x00007ff92a459000 	C:\Program Files\Java\jdk-21\bin\jli.dll
0x00007ff930560000 - 0x00007ff930612000 	C:\WINDOWS\System32\ADVAPI32.dll
0x00007ff92a730000 - 0x00007ff92a74b000 	C:\Program Files\Java\jdk-21\bin\VCRUNTIME140.dll
0x00007ff9307d0000 - 0x00007ff930879000 	C:\WINDOWS\System32\msvcrt.dll
0x00007ff930620000 - 0x00007ff9306c6000 	C:\WINDOWS\System32\sechost.dll
0x00007ff930880000 - 0x00007ff930996000 	C:\WINDOWS\System32\RPCRT4.dll
0x00007ff92f1d0000 - 0x00007ff92f39c000 	C:\WINDOWS\System32\USER32.dll
0x00007ff92e3d0000 - 0x00007ff92e3f7000 	C:\WINDOWS\System32\win32u.dll
0x00007ff930530000 - 0x00007ff93055a000 	C:\WINDOWS\System32\GDI32.dll
0x00007ff92e9a0000 - 0x00007ff92ead1000 	C:\WINDOWS\System32\gdi32full.dll
0x00007ff917150000 - 0x00007ff9173e7000 	C:\WINDOWS\WinSxS\amd64_microsoft.windows.common-controls_6595b64144ccf1df_6.0.26100.3624_none_3e086962e3345f24\COMCTL32.dll
0x00007ff92e290000 - 0x00007ff92e333000 	C:\WINDOWS\System32\msvcp_win.dll
0x00007ff925840000 - 0x00007ff92584b000 	C:\WINDOWS\SYSTEM32\VERSION.dll
0x00007ff930a80000 - 0x00007ff930aaf000 	C:\WINDOWS\System32\IMM32.DLL
0x00007ff92ae10000 - 0x00007ff92ae1c000 	C:\Program Files\Java\jdk-21\bin\vcruntime140_1.dll
0x00007ff926470000 - 0x00007ff9264fe000 	C:\Program Files\Java\jdk-21\bin\msvcp140.dll
0x00007ff8e04e0000 - 0x00007ff8e11f7000 	C:\Program Files\Java\jdk-21\bin\server\jvm.dll
0x00007ff930c20000 - 0x00007ff930c94000 	C:\WINDOWS\System32\WS2_32.dll
0x00007ff92dd10000 - 0x00007ff92dd6e000 	C:\WINDOWS\SYSTEM32\POWRPROF.dll
0x00007ff91f520000 - 0x00007ff91f556000 	C:\WINDOWS\SYSTEM32\WINMM.dll
0x00007ff92dcf0000 - 0x00007ff92dd04000 	C:\WINDOWS\SYSTEM32\UMPDC.dll
0x00007ff92ccd0000 - 0x00007ff92ccea000 	C:\WINDOWS\SYSTEM32\kernel.appcore.dll
0x00007ff92a140000 - 0x00007ff92a14a000 	C:\Program Files\Java\jdk-21\bin\jimage.dll
0x00007ff926780000 - 0x00007ff9269c1000 	C:\WINDOWS\SYSTEM32\DBGHELP.DLL
0x00007ff92ede0000 - 0x00007ff92f162000 	C:\WINDOWS\System32\combase.dll
0x00007ff9309a0000 - 0x00007ff930a76000 	C:\WINDOWS\System32\OLEAUT32.dll
0x00007ff9180e0000 - 0x00007ff918119000 	C:\WINDOWS\SYSTEM32\dbgcore.DLL
0x00007ff92e570000 - 0x00007ff92e609000 	C:\WINDOWS\System32\bcryptPrimitives.dll
0x00007ff929fa0000 - 0x00007ff929faf000 	C:\Program Files\Java\jdk-21\bin\instrument.dll
0x00007ff92a0a0000 - 0x00007ff92a0bf000 	C:\Program Files\Java\jdk-21\bin\java.dll
0x00007ff92f4b0000 - 0x00007ff92fbd9000 	C:\WINDOWS\System32\SHELL32.dll
0x00007ff92e400000 - 0x00007ff92e568000 	C:\WINDOWS\System32\wintypes.dll
0x00007ff92bb80000 - 0x00007ff92c3d2000 	C:\WINDOWS\SYSTEM32\windows.storage.dll
0x00007ff9306e0000 - 0x00007ff9307cd000 	C:\WINDOWS\System32\SHCORE.dll
0x00007ff9304c0000 - 0x00007ff930524000 	C:\WINDOWS\System32\shlwapi.dll
0x00007ff92dda0000 - 0x00007ff92ddcf000 	C:\WINDOWS\SYSTEM32\profapi.dll
0x00007ff90b8c0000 - 0x00007ff90b997000 	C:\Program Files\Java\jdk-21\bin\jsvml.dll
0x00007ff928180000 - 0x00007ff928198000 	C:\Program Files\Java\jdk-21\bin\zip.dll
0x00007ff92a110000 - 0x00007ff92a120000 	C:\Program Files\Java\jdk-21\bin\net.dll
0x00007ff927fc0000 - 0x00007ff9280dd000 	C:\WINDOWS\SYSTEM32\WINHTTP.dll
0x00007ff92d1f0000 - 0x00007ff92d25a000 	C:\WINDOWS\system32\mswsock.dll
0x00007ff929fb0000 - 0x00007ff929fc6000 	C:\Program Files\Java\jdk-21\bin\nio.dll
0x00007ff927b10000 - 0x00007ff927b2a000 	C:\Program Files\JetBrains\IntelliJ IDEA Community Edition 2024.1.2\bin\breakgen64.dll
0x00007ff927b30000 - 0x00007ff927b39000 	C:\Program Files\Java\jdk-21\bin\extnet.dll
0x00007ff927b40000 - 0x00007ff927b4e000 	C:\Program Files\Java\jdk-21\bin\sunmscapi.dll
0x00007ff92e6d0000 - 0x00007ff92e847000 	C:\WINDOWS\System32\CRYPT32.dll
0x00007ff92d690000 - 0x00007ff92d6c0000 	C:\WINDOWS\SYSTEM32\ncrypt.dll
0x00007ff92d640000 - 0x00007ff92d67f000 	C:\WINDOWS\SYSTEM32\NTASN1.dll

dbghelp: loaded successfully - version: 4.0.5 - missing functions: none
symbol engine: initialized successfully - sym options: 0x614 - pdb path: .;C:\Program Files\Java\jdk-21\bin;C:\WINDOWS\SYSTEM32;C:\WINDOWS\WinSxS\amd64_microsoft.windows.common-controls_6595b64144ccf1df_6.0.26100.3624_none_3e086962e3345f24;C:\Program Files\Java\jdk-21\bin\server;C:\Program Files\JetBrains\IntelliJ IDEA Community Edition 2024.1.2\bin

VM Arguments:
jvm_args: -javaagent:C:\Program Files\JetBrains\IntelliJ IDEA Community Edition 2024.1.2\lib\idea_rt.jar=64478:C:\Program Files\JetBrains\IntelliJ IDEA Community Edition 2024.1.2\bin -Dfile.encoding=UTF-8 -Dsun.stdout.encoding=UTF-8 -Dsun.stderr.encoding=UTF-8 
java_command: com.example.multimedia.file_upload_api.FileUploadApiApplication
java_class_path (initial): D:\Multimedia Governance project\file-upload-api\target\classes;C:\Users\siddanagouda\.m2\repository\org\springframework\boot\spring-boot-starter-web\3.4.4\spring-boot-starter-web-3.4.4.jar;C:\Users\siddanagouda\.m2\repository\org\springframework\boot\spring-boot-starter\3.4.4\spring-boot-starter-3.4.4.jar;C:\Users\siddanagouda\.m2\repository\org\springframework\boot\spring-boot\3.4.4\spring-boot-3.4.4.jar;C:\Users\siddanagouda\.m2\repository\org\springframework\boot\spring-boot-autoconfigure\3.4.4\spring-boot-autoconfigure-3.4.4.jar;C:\Users\siddanagouda\.m2\repository\org\springframework\boot\spring-boot-starter-logging\3.4.4\spring-boot-starter-logging-3.4.4.jar;C:\Users\siddanagouda\.m2\repository\ch\qos\logback\logback-classic\1.5.18\logback-classic-1.5.18.jar;C:\Users\siddanagouda\.m2\repository\ch\qos\logback\logback-core\1.5.18\logback-core-1.5.18.jar;C:\Users\siddanagouda\.m2\repository\org\apache\logging\log4j\log4j-to-slf4j\2.24.3\log4j-to-slf4j-2.24.3.jar;C:\Users\siddanagouda\.m2\repository\org\apache\logging\log4j\log4j-api\2.24.3\log4j-api-2.24.3.jar;C:\Users\siddanagouda\.m2\repository\org\slf4j\jul-to-slf4j\2.0.17\jul-to-slf4j-2.0.17.jar;C:\Users\siddanagouda\.m2\repository\jakarta\annotation\jakarta.annotation-api\2.1.1\jakarta.annotation-api-2.1.1.jar;C:\Users\siddanagouda\.m2\repository\org\springframework\spring-core\6.2.5\spring-core-6.2.5.jar;C:\Users\siddanagouda\.m2\repository\org\springframework\spring-jcl\6.2.5\spring-jcl-6.2.5.jar;C:\Users\siddanagouda\.m2\repository\org\yaml\snakeyaml\2.3\snakeyaml-2.3.jar;C:\Users\siddanagouda\.m2\repository\org\springframework\boot\spring-boot-starter-json\3.4.4\spring-boot-starter-json-3.4.4.jar;C:\Users\siddanagouda\.m2\repository\com\fasterxml\jackson\datatype\jackson-datatype-jdk8\2.18.3\jackson-datatype-jdk8-2.18.3.jar;C:\Users\siddanagouda\.m2\repository\com\fasterxml\jackson\datatype\jackson-datatype-jsr310\2.18.3\jackson-datatype-jsr310-2.18.3.jar;C:\Users\siddanagouda\.m2\repository\com\fasterxml\jackson\module\jackson-module-parameter-names\2.18.3\jackson-module-parameter-names-2.18.3.jar;C:\Users\siddanagouda\.m2\repository\org\springframework\boot\spring-boot-starter-tomcat\3.4.4\spring-boot-starter-tomcat-3.4.4.jar;C:\Users\siddanagouda\.m2\repository\org\apache\tomcat\embed\tomcat-embed-core\10.1.39\tomcat-embed-core-10.1.39.jar;C:\Users\siddanagouda\.m2\repository\org\apache\tomcat\embed\tomcat-embed-websocket\10.1.39\tomcat-embed-websocket-10.1.39.jar;C:\Users\siddanagouda\.m2\repository\org\springframework\spring-web\6.2.5\spring-web-6.2.5.jar;C:\Users\siddanagouda\.m2\repository\org\springframework\spring-beans\6.2.5\spring-beans-6.2.5.jar;C:\Users\siddanagouda\.m2\repository\io\micrometer\micrometer-observation\1.14.5\micrometer-observation-1.14.5.jar;C:\Users\siddanagouda\.m2\repository\io\micrometer\micrometer-commons\1.14.5\micrometer-commons-1.14.5.jar;C:\Users\siddanagouda\.m2\repository\org\springframework\spring-webmvc\6.2.5\spring-webmvc-6.2.5.jar;C:\Users\siddanagouda\.m2\repository\org\springframework\spring-context\6.2.5\spring-context-6.2.5.jar;C:\Users\siddanagouda\.m2\repository\org\springframework\spring-expression\6.2.5\spring-expression-6.2.5.jar;C:\Users\siddanagouda\.m2\repository\org\springframework\boot\spring-boot-starter-data-jpa\3.4.4\spring-boot-starter-data-jpa-3.4.4.jar;C:\Users\siddanagouda\.m2\repository\org\springframework\boot\spring-boot-starter-jdbc\3.4.4\spring-boot-starter-jdbc-3.4.4.jar;C:\Users\siddanagouda\.m2\repository\com\zaxxer\HikariCP\5.1.0\HikariCP-5.1.0.jar;C:\Users\siddanagouda\.m2\repository\org\springframework\spring-jdbc\6.2.5\spring-jdbc-6.2.5.jar;C:\Users\siddanagouda\.m2\repository\org\hibernate\orm\hibernate-core\6.6.11.Final\hibernate-core-6.6.11.Final.jar;C:\Users\siddanagouda\.m2\repository\jakarta\persistence\jakarta.persistence-api\3.1.0\jakarta.persistence-api-3.1.0.jar;C:\Users\siddanagouda\.m2\repository\jakarta\transaction\jakarta.transaction-api\2.0.1\jakarta.transaction-api-2.0.1.jar;C:\Users\siddanagouda\.m2\repository\org\jboss\logging\jboss-logging\3.6.1.Final\jboss-logging-3.6.1.Final.jar;C:\Users\siddanagouda\.m2\repository\org\hibernate\common\hibernate-commons-annotations\7.0.3.Final\hibernate-commons-annotations-7.0.3.Final.jar;C:\Users\siddanagouda\.m2\repository\io\smallrye\jandex\3.2.0\jandex-3.2.0.jar;C:\Users\siddanagouda\.m2\repository\com\fasterxml\classmate\1.7.0\classmate-1.7.0.jar;C:\Users\siddanagouda\.m2\repository\net\bytebuddy\byte-buddy\1.15.11\byte-buddy-1.15.11.jar;C:\Users\siddanagouda\.m2\repository\jakarta\xml\bind\jakarta.xml.bind-api\4.0.2\jakarta.xml.bind-api-4.0.2.jar;C:\Users\siddanagouda\.m2\repository\org\glassfish\jaxb\jaxb-runtime\4.0.5\jaxb-runtime-4.0.5.jar;C:\Users\siddanagouda\.m2\repository\org\glassfish\jaxb\jaxb-core\4.0.5\jaxb-core-4.0.5.jar;C:\Users\siddanagouda\.m2\repository\org\glassfish\jaxb\txw2\4.0.5\txw2-4.0.5.jar;C:\Users\siddanagouda\.m2\repository\com\sun\istack\istack-commons-runtime\4.1.2\istack-commons-runtime-4.1.2.jar;C:\Users\siddanagouda\.m2\repository\jakarta\inject\jakarta.inject-api\2.0.1\jakarta.inject-api-2.0.1.jar;C:\Users\siddanagouda\.m2\repository\org\antlr\antlr4-runtime\4.13.0\antlr4-runtime-4.13.0.jar;C:\Users\siddanagouda\.m2\repository\org\springframework\data\spring-data-jpa\3.4.4\spring-data-jpa-3.4.4.jar;C:\Users\siddanagouda\.m2\repository\org\springframework\data\spring-data-commons\3.4.4\spring-data-commons-3.4.4.jar;C:\Users\siddanagouda\.m2\repository\org\springframework\spring-orm\6.2.5\spring-orm-6.2.5.jar;C:\Users\siddanagouda\.m2\repository\org\springframework\spring-tx\6.2.5\spring-tx-6.2.5.jar;C:\Users\siddanagouda\.m2\repository\org\slf4j\slf4j-api\2.0.17\slf4j-api-2.0.17.jar;C:\Users\siddanagouda\.m2\repository\org\springframework\spring-aspects\6.2.5\spring-aspects-6.2.5.jar;C:\Users\siddanagouda\.m2\repository\org\aspectj\aspectjweaver\1.9.23\aspectjweaver-1.9.23.jar;C:\Users\siddanagouda\.m2\repository\org\springframework\boot\spring-boot-starter-validation\3.4.4\spring-boot-starter-validation-3.4.4.jar;C:\Users\siddanagouda\.m2\repository\org\apache\tomcat\embed\tomcat-embed-el\10.1.39\tomcat-embed-el-10.1.39.jar;C:\Users\siddanagouda\.m2\repository\org\hibernate\validator\hibernate-validator\8.0.2.Final\hibernate-validator-8.0.2.Final.jar;C:\Users\siddanagouda\.m2\repository\jakarta\validation\jakarta.validation-api\3.0.2\jakarta.validation-api-3.0.2.jar;C:\Users\siddanagouda\.m2\repository\com\mysql\mysql-connector-j\9.1.0\mysql-connector-j-9.1.0.jar;C:\Users\siddanagouda\.m2\repository\com\h2database\h2\2.3.232\h2-2.3.232.jar;C:\Users\siddanagouda\.m2\repository\org\apache\pdfbox\pdfbox\2.0.27\pdfbox-2.0.27.jar;C:\Users\siddanagouda\.m2\repository\org\apache\pdfbox\fontbox\2.0.27\fontbox-2.0.27.jar;C:\Users\siddanagouda\.m2\repository\commons-logging\commons-logging\1.2\commons-logging-1.2.jar;C:\Users\siddanagouda\.m2\repository\org\json\json\20240303\json-20240303.jar;C:\Users\siddanagouda\.m2\repository\com\konghq\unirest-java\3.13.6\unirest-java-3.13.6.jar;C:\Users\siddanagouda\.m2\repository\org\apache\httpcomponents\httpclient\4.5.13\httpclient-4.5.13.jar;C:\Users\siddanagouda\.m2\repository\org\apache\httpcomponents\httpcore\4.4.16\httpcore-4.4.16.jar;C:\Users\siddanagouda\.m2\repository\commons-codec\commons-codec\1.17.2\commons-codec-1.17.2.jar;C:\Users\siddanagouda\.m2\repository\org\apache\httpcomponents\httpmime\4.5.13\httpmime-4.5.13.jar;C:\Users\siddanagouda\.m2\repository\org\apache\httpcomponents\httpcore-nio\4.4.16\httpcore-nio-4.4.16.jar;C:\Users\siddanagouda\.m2\repository\org\apache\httpcomponents\httpasyncclient\4.1.5\httpasyncclient-4.1.5.jar;C:\Users\siddanagouda\.m2\repository\com\google\code\gson\gson\2.11.0\gson-2.11.0.jar;C:\Users\siddanagouda\.m2\repository\com\google\errorprone\error_prone_annotations\2.27.0\error_prone_annotations-2.27.0.jar;C:\Users\siddanagouda\.m2\repository\org\springframework\boot\spring-boot-starter-security\3.4.4\spring-boot-starter-security-3.4.4.jar;C:\Users\siddanagouda\.m2\repository\org\springframework\spring-aop\6.2.5\spring-aop-6.2.5.jar;C:\Users\siddanagouda\.m2\repository\org\springframework\security\spring-security-config\6.4.4\spring-security-config-6.4.4.jar;C:\Users\siddanagouda\.m2\repository\org\springframework\security\spring-security-core\6.4.4\spring-security-core-6.4.4.jar;C:\Users\siddanagouda\.m2\repository\org\springframework\security\spring-security-crypto\6.4.4\spring-security-crypto-6.4.4.jar;C:\Users\siddanagouda\.m2\repository\org\springframework\security\spring-security-web\6.4.4\spring-security-web-6.4.4.jar;C:\Users\siddanagouda\.m2\repository\io\jsonwebtoken\jjwt-api\0.11.5\jjwt-api-0.11.5.jar;C:\Users\siddanagouda\.m2\repository\io\jsonwebtoken\jjwt-impl\0.11.5\jjwt-impl-0.11.5.jar;C:\Users\siddanagouda\.m2\repository\io\jsonwebtoken\jjwt-jackson\0.11.5\jjwt-jackson-0.11.5.jar;C:\Users\siddanagouda\.m2\repository\com\fasterxml\jackson\core\jackson-databind\2.18.3\jackson-databind-2.18.3.jar;C:\Users\siddanagouda\.m2\repository\com\fasterxml\jackson\core\jackson-annotations\2.18.3\jackson-annotations-2.18.3.jar;C:\Users\siddanagouda\.m2\repository\com\fasterxml\jackson\core\jackson-core\2.18.3\jackson-core-2.18.3.jar;C:\Users\siddanagouda\.m2\repository\org\springframework\boot\spring-boot-starter-mail\3.4.4\spring-boot-starter-mail-3.4.4.jar;C:\Users\siddanagouda\.m2\repository\org\springframework\spring-context-support\6.2.5\spring-context-support-6.2.5.jar;C:\Users\siddanagouda\.m2\repository\org\eclipse\angus\jakarta.mail\2.0.3\jakarta.mail-2.0.3.jar;C:\Users\siddanagouda\.m2\repository\jakarta\activation\jakarta.activation-api\2.1.3\jakarta.activation-api-2.1.3.jar;C:\Users\siddanagouda\.m2\repository\org\eclipse\angus\angus-activation\2.0.2\angus-activation-2.0.2.jar;C:\Users\siddanagouda\.m2\repository\com\squareup\okhttp3\okhttp\4.12.0\okhttp-4.12.0.jar;C:\Users\siddanagouda\.m2\repository\com\squareup\okio\okio\3.6.0\okio-3.6.0.jar;C:\Users\siddanagouda\.m2\repository\com\squareup\okio\okio-jvm\3.6.0\okio-jvm-3.6.0.jar;C:\Users\siddanagouda\.m2\repository\org\jetbrains\kotlin\kotlin-stdlib-common\1.9.25\kotlin-stdlib-common-1.9.25.jar;C:\Users\siddanagouda\.m2\repository\org\jetbrains\kotlin\kotlin-stdlib-jdk8\1.9.25\kotlin-stdlib-jdk8-1.9.25.jar;C:\Users\siddanagouda\.m2\repository\org\jetbrains\kotlin\kotlin-stdlib\1.9.25\kotlin-stdlib-1.9.25.jar;C:\Users\siddanagouda\.m2\repository\org\jetbrains\annotations\13.0\annotations-13.0.jar;C:\Users\siddanagouda\.m2\repository\org\jetbrains\kotlin\kotlin-stdlib-jdk7\1.9.25\kotlin-stdlib-jdk7-1.9.25.jar
Launcher Type: SUN_STANDARD

[Global flags]
     intx CICompilerCount                          = 4                                         {product} {ergonomic}
     uint ConcGCThreads                            = 3                                         {product} {ergonomic}
     uint G1ConcRefinementThreads                  = 10                                        {product} {ergonomic}
   size_t G1HeapRegionSize                         = 1048576                                   {product} {ergonomic}
    uintx GCDrainStackTargetSize                   = 64                                        {product} {ergonomic}
   size_t InitialHeapSize                          = 123731968                                 {product} {ergonomic}
   size_t MarkStackSize                            = 4194304                                   {product} {ergonomic}
   size_t MaxHeapSize                              = 1967128576                                {product} {ergonomic}
   size_t MaxNewSize                               = 1179648000                                {product} {ergonomic}
   size_t MinHeapDeltaBytes                        = 1048576                                   {product} {ergonomic}
   size_t MinHeapSize                              = 8388608                                   {product} {ergonomic}
    uintx NonNMethodCodeHeapSize                   = 5839372                                {pd product} {ergonomic}
    uintx NonProfiledCodeHeapSize                  = 122909434                              {pd product} {ergonomic}
    uintx ProfiledCodeHeapSize                     = 122909434                              {pd product} {ergonomic}
    uintx ReservedCodeCacheSize                    = 251658240                              {pd product} {ergonomic}
     bool SegmentedCodeCache                       = true                                      {product} {ergonomic}
   size_t SoftMaxHeapSize                          = 1967128576                             {manageable} {ergonomic}
     bool UseCompressedOops                        = true                           {product lp64_product} {ergonomic}
     bool UseG1GC                                  = true                                      {product} {ergonomic}
     bool UseLargePagesIndividualAllocation        = false                                  {pd product} {ergonomic}

Logging:
Log output configuration:
 #0: stdout all=warning uptime,level,tags foldmultilines=false
 #1: stderr all=off uptime,level,tags foldmultilines=false

Environment Variables:
PATH=C:\Program Files\Java\jdk-21\bin;C:\Program Files\HP\HP One Agent;C:\Program Files\Git\cmd;C:\Program Files\nodejs\;C:\Windows\System32;;%SystemRoot%\system32;%SystemRoot%;%SystemRoot%\System32\Wbem;%SYSTEMROOT%\System32\WindowsPowerShell\v1.0\;%SYSTEMROOT%\System32\OpenSSH\;C:\Users\siddanagouda\AppData\Local\Microsoft\WindowsApps;;C:\Users\siddanagouda\AppData\Local\Programs\Microsoft VS Code\bin;C:\Users\siddanagouda\AppData\Roaming\npm;C:\Users\siddanagouda\AppData\Local\Programs\cursor\resources\app\bin
USERNAME=siddanagouda
OS=Windows_NT
PROCESSOR_IDENTIFIER=AMD64 Family 23 Model 104 Stepping 1, AuthenticAMD
TMP=C:\Users\SIDDAN~1\AppData\Local\Temp
TEMP=C:\Users\SIDDAN~1\AppData\Local\Temp




Periodic native trim disabled

---------------  S Y S T E M  ---------------

OS:
 Windows 11 , 64 bit Build 26100 (10.0.26100.3775)
OS uptime: 8 days 4:42 hours

CPU: total 12 (initial active 12) (12 cores per cpu, 2 threads per core) family 23 model 104 stepping 1 microcode 0x8608107, cx8, cmov, fxsr, ht, mmx, 3dnowpref, sse, sse2, sse3, ssse3, sse4a, sse4.1, sse4.2, popcnt, lzcnt, tsc, tscinvbit, avx, avx2, aes, clmul, bmi1, bmi2, adx, sha, fma, vzeroupper, clflush, clflushopt, rdtscp, rdpid, f16c
Processor Information for processor 0
  Max Mhz: 2100, Current Mhz: 2100, Mhz Limit: 2100
Processor Information for processor 1
  Max Mhz: 2100, Current Mhz: 1988, Mhz Limit: 2100
Processor Information for processor 2
  Max Mhz: 2100, Current Mhz: 1988, Mhz Limit: 2100
Processor Information for processor 3
  Max Mhz: 2100, Current Mhz: 2100, Mhz Limit: 2100
Processor Information for processor 4
  Max Mhz: 2100, Current Mhz: 2100, Mhz Limit: 2100
Processor Information for processor 5
  Max Mhz: 2100, Current Mhz: 1988, Mhz Limit: 2100
Processor Information for processor 6
  Max Mhz: 2100, Current Mhz: 2100, Mhz Limit: 2100
Processor Information for processor 7
  Max Mhz: 2100, Current Mhz: 2100, Mhz Limit: 2100
Processor Information for processor 8
  Max Mhz: 2100, Current Mhz: 2100, Mhz Limit: 2100
Processor Information for processor 9
  Max Mhz: 2100, Current Mhz: 1988, Mhz Limit: 2100
Processor Information for processor 10
  Max Mhz: 2100, Current Mhz: 2100, Mhz Limit: 2100
Processor Information for processor 11
  Max Mhz: 2100, Current Mhz: 1988, Mhz Limit: 2100

Memory: 4k page, system-wide physical 7501M (738M free)
TotalPageFile size 30029M (AvailPageFile size 72M)
current process WorkingSet (physical memory assigned to process): 114M, peak: 152M
current process commit charge ("private bytes"): 199M, peak: 263M

vm_info: Java HotSpot(TM) 64-Bit Server VM (21.0.2+13-LTS-58) for windows-amd64 JRE (21.0.2+13-LTS-58), built on 2024-01-05T18:32:24Z by "mach5one" with MS VC++ 17.1 (VS2022)

END.
